[INFO] Scanning for projects...
[INFO] 
[INFO] ----------------------< edu.cit.cararag:attendme >----------------------
[INFO] Building attendme-backend 0.0.1-SNAPSHOT
[INFO]   from pom.xml
[INFO] --------------------------------[ jar ]---------------------------------
[INFO] 
[INFO] --- resources:3.3.1:resources (default-resources) @ attendme ---
[INFO] Copying 2 resources from src\main\resources to target\classes
[INFO] Copying 0 resource from src\main\resources to target\classes
[INFO] 
[INFO] --- compiler:3.14.1:compile (default-compile) @ attendme ---
[INFO] Nothing to compile - all classes are up to date.
[INFO] 
[INFO] --- resources:3.3.1:testResources (default-testResources) @ attendme ---
[INFO] skip non existing resourceDirectory C:\Users\User\Desktop\AttendMe\backend\src\test\resources
[INFO] 
[INFO] --- compiler:3.14.1:testCompile (default-testCompile) @ attendme ---
[INFO] Nothing to compile - all classes are up to date.
[INFO] 
[INFO] --- surefire:3.5.4:test (default-test) @ attendme ---
[INFO] Using auto detected provider org.apache.maven.surefire.junitplatform.JUnitPlatformProvider
[INFO] 
[INFO] -------------------------------------------------------
[INFO]  T E S T S
[INFO] -------------------------------------------------------
[INFO] Running edu.cit.cararag.attendme.features.attendance.AttendanceServiceImplTest
[ERROR] Tests run: 8, Failures: 0, Errors: 8, Skipped: 0, Time elapsed: 0.854 s <<< FAILURE! -- in edu.cit.cararag.attendme.features.attendance.AttendanceServiceImplTest
[ERROR] edu.cit.cararag.attendme.features.attendance.AttendanceServiceImplTest.deleteAttendance_withValidId_deletesSuccessfully -- Time elapsed: 0.795 s <<< ERROR!
java.lang.Error: 
Unresolved compilation problems: 
	The method setId(long) is undefined for the type User
	The method setFullName(String) is undefined for the type Student

	at edu.cit.cararag.attendme.features.attendance.AttendanceServiceImplTest.setUp(AttendanceServiceImplTest.java:47)

[ERROR] edu.cit.cararag.attendme.features.attendance.AttendanceServiceImplTest.hasAttendanceBeenMarked_whenMarked_returnsTrue -- Time elapsed: 0.005 s <<< ERROR!
java.lang.Error: 
Unresolved compilation problems: 
	The method setId(long) is undefined for the type User
	The method setFullName(String) is undefined for the type Student

	at edu.cit.cararag.attendme.features.attendance.AttendanceServiceImplTest.setUp(AttendanceServiceImplTest.java:47)

[ERROR] edu.cit.cararag.attendme.features.attendance.AttendanceServiceImplTest.getAttendanceByClassAndDate_returnsListOfResponses -- Time elapsed: 0.004 s <<< ERROR!
java.lang.Error: 
Unresolved compilation problems: 
	The method setId(long) is undefined for the type User
	The method setFullName(String) is undefined for the type Student

	at edu.cit.cararag.attendme.features.attendance.AttendanceServiceImplTest.setUp(AttendanceServiceImplTest.java:47)

[ERROR] edu.cit.cararag.attendme.features.attendance.AttendanceServiceImplTest.getAttendanceById_withInvalidId_throwsNotFoundException -- Time elapsed: 0.004 s <<< ERROR!
java.lang.Error: 
Unresolved compilation problems: 
	The method setId(long) is undefined for the type User
	The method setFullName(String) is undefined for the type Student

	at edu.cit.cararag.attendme.features.attendance.AttendanceServiceImplTest.setUp(AttendanceServiceImplTest.java:47)

[ERROR] edu.cit.cararag.attendme.features.attendance.AttendanceServiceImplTest.deleteAttendance_withInvalidId_throwsNotFoundException -- Time elapsed: 0.003 s <<< ERROR!
java.lang.Error: 
Unresolved compilation problems: 
	The method setId(long) is undefined for the type User
	The method setFullName(String) is undefined for the type Student

	at edu.cit.cararag.attendme.features.attendance.AttendanceServiceImplTest.setUp(AttendanceServiceImplTest.java:47)

[ERROR] edu.cit.cararag.attendme.features.attendance.AttendanceServiceImplTest.markAttendance_whenAlreadyMarked_throwsDuplicateException -- Time elapsed: 0.004 s <<< ERROR!
java.lang.Error: 
Unresolved compilation problems: 
	The method setId(long) is undefined for the type User
	The method setFullName(String) is undefined for the type Student

	at edu.cit.cararag.attendme.features.attendance.AttendanceServiceImplTest.setUp(AttendanceServiceImplTest.java:47)

[ERROR] edu.cit.cararag.attendme.features.attendance.AttendanceServiceImplTest.markAttendance_withValidRequest_returnsResponse -- Time elapsed: 0.003 s <<< ERROR!
java.lang.Error: 
Unresolved compilation problems: 
	The method setId(long) is undefined for the type User
	The method setFullName(String) is undefined for the type Student

	at edu.cit.cararag.attendme.features.attendance.AttendanceServiceImplTest.setUp(AttendanceServiceImplTest.java:47)

[ERROR] edu.cit.cararag.attendme.features.attendance.AttendanceServiceImplTest.updateAttendance_withValidId_updatesStatus -- Time elapsed: 0.002 s <<< ERROR!
java.lang.Error: 
Unresolved compilation problems: 
	The method setId(long) is undefined for the type User
	The method setFullName(String) is undefined for the type Student

	at edu.cit.cararag.attendme.features.attendance.AttendanceServiceImplTest.setUp(AttendanceServiceImplTest.java:47)

[INFO] Running edu.cit.cararag.attendme.features.auth.AuthServiceTest
[ERROR] Tests run: 6, Failures: 0, Errors: 6, Skipped: 0, Time elapsed: 0.153 s <<< FAILURE! -- in edu.cit.cararag.attendme.features.auth.AuthServiceTest
[ERROR] edu.cit.cararag.attendme.features.auth.AuthServiceTest.userRole_forAdmin_isCorrectlySet -- Time elapsed: 0.135 s <<< ERROR!
java.lang.Error: 
Unresolved compilation problems: 
	The method setId(long) is undefined for the type User
	The method setPassword(String) is undefined for the type User

	at edu.cit.cararag.attendme.features.auth.AuthServiceTest.setUp(AuthServiceTest.java:35)

[ERROR] edu.cit.cararag.attendme.features.auth.AuthServiceTest.findUserByEmail_withValidEmail_returnsUser -- Time elapsed: 0.002 s <<< ERROR!
java.lang.Error: 
Unresolved compilation problems: 
	The method setId(long) is undefined for the type User
	The method setPassword(String) is undefined for the type User

	at edu.cit.cararag.attendme.features.auth.AuthServiceTest.setUp(AuthServiceTest.java:35)

[ERROR] edu.cit.cararag.attendme.features.auth.AuthServiceTest.findUserByEmail_withInvalidEmail_returnsEmpty -- Time elapsed: 0.002 s <<< ERROR!
java.lang.Error: 
Unresolved compilation problems: 
	The method setId(long) is undefined for the type User
	The method setPassword(String) is undefined for the type User

	at edu.cit.cararag.attendme.features.auth.AuthServiceTest.setUp(AuthServiceTest.java:35)

[ERROR] edu.cit.cararag.attendme.features.auth.AuthServiceTest.jwtUtils_generateToken_returnsNonNullToken -- Time elapsed: 0.002 s <<< ERROR!
java.lang.Error: 
Unresolved compilation problems: 
	The method setId(long) is undefined for the type User
	The method setPassword(String) is undefined for the type User

	at edu.cit.cararag.attendme.features.auth.AuthServiceTest.setUp(AuthServiceTest.java:35)

[ERROR] edu.cit.cararag.attendme.features.auth.AuthServiceTest.passwordEncoder_withCorrectPassword_returnsTrue -- Time elapsed: 0.003 s <<< ERROR!
java.lang.Error: 
Unresolved compilation problems: 
	The method setId(long) is undefined for the type User
	The method setPassword(String) is undefined for the type User

	at edu.cit.cararag.attendme.features.auth.AuthServiceTest.setUp(AuthServiceTest.java:35)

[ERROR] edu.cit.cararag.attendme.features.auth.AuthServiceTest.passwordEncoder_withWrongPassword_returnsFalse -- Time elapsed: 0.002 s <<< ERROR!
java.lang.Error: 
Unresolved compilation problems: 
	The method setId(long) is undefined for the type User
	The method setPassword(String) is undefined for the type User

	at edu.cit.cararag.attendme.features.auth.AuthServiceTest.setUp(AuthServiceTest.java:35)

[INFO] 
[INFO] Results:
[INFO] 
[ERROR] Errors: 
[ERROR]   AttendanceServiceImplTest.setUp:47  Unresolved compilation problems: 
	The method setId(long) is undefined for the type User
	The method setFullName(String) is undefined for the type Student

[ERROR]   AttendanceServiceImplTest.setUp:47  Unresolved compilation problems: 
	The method setId(long) is undefined for the type User
	The method setFullName(String) is undefined for the type Student

[ERROR]   AttendanceServiceImplTest.setUp:47  Unresolved compilation problems: 
	The method setId(long) is undefined for the type User
	The method setFullName(String) is undefined for the type Student

[ERROR]   AttendanceServiceImplTest.setUp:47  Unresolved compilation problems: 
	The method setId(long) is undefined for the type User
	The method setFullName(String) is undefined for the type Student

[ERROR]   AttendanceServiceImplTest.setUp:47  Unresolved compilation problems: 
	The method setId(long) is undefined for the type User
	The method setFullName(String) is undefined for the type Student

[ERROR]   AttendanceServiceImplTest.setUp:47  Unresolved compilation problems: 
	The method setId(long) is undefined for the type User
	The method setFullName(String) is undefined for the type Student

[ERROR]   AttendanceServiceImplTest.setUp:47  Unresolved compilation problems: 
	The method setId(long) is undefined for the type User
	The method setFullName(String) is undefined for the type Student

[ERROR]   AttendanceServiceImplTest.setUp:47  Unresolved compilation problems: 
	The method setId(long) is undefined for the type User
	The method setFullName(String) is undefined for the type Student

[ERROR]   AuthServiceTest.setUp:35  Unresolved compilation problems: 
	The method setId(long) is undefined for the type User
	The method setPassword(String) is undefined for the type User

[ERROR]   AuthServiceTest.setUp:35  Unresolved compilation problems: 
	The method setId(long) is undefined for the type User
	The method setPassword(String) is undefined for the type User

[ERROR]   AuthServiceTest.setUp:35  Unresolved compilation problems: 
	The method setId(long) is undefined for the type User
	The method setPassword(String) is undefined for the type User

[ERROR]   AuthServiceTest.setUp:35  Unresolved compilation problems: 
	The method setId(long) is undefined for the type User
	The method setPassword(String) is undefined for the type User

[ERROR]   AuthServiceTest.setUp:35  Unresolved compilation problems: 
	The method setId(long) is undefined for the type User
	The method setPassword(String) is undefined for the type User

[ERROR]   AuthServiceTest.setUp:35  Unresolved compilation problems: 
	The method setId(long) is undefined for the type User
	The method setPassword(String) is undefined for the type User

[INFO] 
[ERROR] Tests run: 14, Failures: 0, Errors: 14, Skipped: 0
[INFO] 
[INFO] ------------------------------------------------------------------------
[INFO] BUILD FAILURE
[INFO] ------------------------------------------------------------------------
[INFO] Total time:  2.777 s
[INFO] Finished at: 2026-05-09T07:40:31+08:00
[INFO] ------------------------------------------------------------------------
[ERROR] Failed to execute goal org.apache.maven.plugins:maven-surefire-plugin:3.5.4:test (default-test) on project attendme: 
[ERROR] 
[ERROR] See C:\Users\User\Desktop\AttendMe\backend\target\surefire-reports for the individual test results.
[ERROR] See dump files (if any exist) [date].dump, [date]-jvmRun[N].dump and [date].dumpstream.
[ERROR] -> [Help 1]
[ERROR] 
[ERROR] To see the full stack trace of the errors, re-run Maven with the -e switch.
[ERROR] Re-run Maven using the -X switch to enable full debug logging.
[ERROR] 
[ERROR] For more information about the errors and possible solutions, please read the following articles:
[ERROR] [Help 1] http://cwiki.apache.org/confluence/display/MAVEN/MojoFailureException
